app/kader/balita/[id]/page.tsx(407,9): error TS2304: Cannot find name 'setIsLinking'.
